../Drivers/CMSIS/Include/core_cm4.h:2059:26:ITM_SendChar	16	static,ignoring_inline_asm
../Core/Src/main.c:56:6:TIM5_IRQHandler	4	static
../Core/Src/main.c:63:6:TIM3_IRQHandler	16	static
../Core/Src/main.c:85:6:TIM2_IRQHandler	8	static
../Core/Src/main.c:107:5:_write	32	static
../Core/Src/main.c:127:5:main	48	static
../Core/Src/main.c:222:6:SystemClock_Config	96	static
../Core/Src/main.c:267:13:MX_SPI3_Init	8	static
../Core/Src/main.c:307:13:MX_GPIO_Init	48	static
../Core/Src/main.c:366:6:Error_Handler	4	static,ignoring_inline_asm
