Archive member included to satisfy reference by file (symbol)

C:/ST/STM32CubeIDE_1.13.2/STM32CubeIDE/plugins/com.st.stm32cube.ide.mcu.externaltools.gnu-tools-for-stm32.11.3.rel1.win32_1.1.1.202309131626/tools/bin/../lib/gcc/arm-none-eabi/11.3.1/../../../../arm-none-eabi/lib/thumb/v7e-m+fp/hard\libc_nano.a(libc_a-exit.o)
                              C:/ST/STM32CubeIDE_1.13.2/STM32CubeIDE/plugins/com.st.stm32cube.ide.mcu.externaltools.gnu-tools-for-stm32.11.3.rel1.win32_1.1.1.202309131626/tools/bin/../lib/gcc/arm-none-eabi/11.3.1/../../../../arm-none-eabi/lib/thumb/v7e-m+fp/hard/crt0.o (exit)
C:/ST/STM32CubeIDE_1.13.2/STM32CubeIDE/plugins/com.st.stm32cube.ide.mcu.externaltools.gnu-tools-for-stm32.11.3.rel1.win32_1.1.1.202309131626/tools/bin/../lib/gcc/arm-none-eabi/11.3.1/../../../../arm-none-eabi/lib/thumb/v7e-m+fp/hard\libc_nano.a(libc_a-malloc.o)
                              ./Core/Src/ble.o (malloc)
C:/ST/STM32CubeIDE_1.13.2/STM32CubeIDE/plugins/com.st.stm32cube.ide.mcu.externaltools.gnu-tools-for-stm32.11.3.rel1.win32_1.1.1.202309131626/tools/bin/../lib/gcc/arm-none-eabi/11.3.1/../../../../arm-none-eabi/lib/thumb/v7e-m+fp/hard\libc_nano.a(libc_a-mallocr.o)
                              C:/ST/STM32CubeIDE_1.13.2/STM32CubeIDE/plugins/com.st.stm32cube.ide.mcu.externaltools.gnu-tools-for-stm32.11.3.rel1.win32_1.1.1.202309131626/tools/bin/../lib/gcc/arm-none-eabi/11.3.1/../../../../arm-none-eabi/lib/thumb/v7e-m+fp/hard\libc_nano.a(libc_a-malloc.o) (_malloc_r)
C:/ST/STM32CubeIDE_1.13.2/STM32CubeIDE/plugins/com.st.stm32cube.ide.mcu.externaltools.gnu-tools-for-stm32.11.3.rel1.win32_1.1.1.202309131626/tools/bin/../lib/gcc/arm-none-eabi/11.3.1/../../../../arm-none-eabi/lib/thumb/v7e-m+fp/hard\libc_nano.a(libc_a-mlock.o)
                              C:/ST/STM32CubeIDE_1.13.2/STM32CubeIDE/plugins/com.st.stm32cube.ide.mcu.externaltools.gnu-tools-for-stm32.11.3.rel1.win32_1.1.1.202309131626/tools/bin/../lib/gcc/arm-none-eabi/11.3.1/../../../../arm-none-eabi/lib/thumb/v7e-m+fp/hard\libc_nano.a(libc_a-mallocr.o) (__malloc_lock)
C:/ST/STM32CubeIDE_1.13.2/STM32CubeIDE/plugins/com.st.stm32cube.ide.mcu.externaltools.gnu-tools-for-stm32.11.3.rel1.win32_1.1.1.202309131626/tools/bin/../lib/gcc/arm-none-eabi/11.3.1/../../../../arm-none-eabi/lib/thumb/v7e-m+fp/hard\libc_nano.a(libc_a-findfp.o)
                              C:/ST/STM32CubeIDE_1.13.2/STM32CubeIDE/plugins/com.st.stm32cube.ide.mcu.externaltools.gnu-tools-for-stm32.11.3.rel1.win32_1.1.1.202309131626/tools/bin/../lib/gcc/arm-none-eabi/11.3.1/../../../../arm-none-eabi/lib/thumb/v7e-m+fp/hard\libc_nano.a(libc_a-exit.o) (__stdio_exit_handler)
C:/ST/STM32CubeIDE_1.13.2/STM32CubeIDE/plugins/com.st.stm32cube.ide.mcu.externaltools.gnu-tools-for-stm32.11.3.rel1.win32_1.1.1.202309131626/tools/bin/../lib/gcc/arm-none-eabi/11.3.1/../../../../arm-none-eabi/lib/thumb/v7e-m+fp/hard\libc_nano.a(libc_a-fwalk.o)
                              C:/ST/STM32CubeIDE_1.13.2/STM32CubeIDE/plugins/com.st.stm32cube.ide.mcu.externaltools.gnu-tools-for-stm32.11.3.rel1.win32_1.1.1.202309131626/tools/bin/../lib/gcc/arm-none-eabi/11.3.1/../../../../arm-none-eabi/lib/thumb/v7e-m+fp/hard\libc_nano.a(libc_a-findfp.o) (_fwalk_sglue)
C:/ST/STM32CubeIDE_1.13.2/STM32CubeIDE/plugins/com.st.stm32cube.ide.mcu.externaltools.gnu-tools-for-stm32.11.3.rel1.win32_1.1.1.202309131626/tools/bin/../lib/gcc/arm-none-eabi/11.3.1/../../../../arm-none-eabi/lib/thumb/v7e-m+fp/hard\libc_nano.a(libc_a-stdio.o)
                              C:/ST/STM32CubeIDE_1.13.2/STM32CubeIDE/plugins/com.st.stm32cube.ide.mcu.externaltools.gnu-tools-for-stm32.11.3.rel1.win32_1.1.1.202309131626/tools/bin/../lib/gcc/arm-none-eabi/11.3.1/../../../../arm-none-eabi/lib/thumb/v7e-m+fp/hard\libc_nano.a(libc_a-findfp.o) (__sread)
C:/ST/STM32CubeIDE_1.13.2/STM32CubeIDE/plugins/com.st.stm32cube.ide.mcu.externaltools.gnu-tools-for-stm32.11.3.rel1.win32_1.1.1.202309131626/tools/bin/../lib/gcc/arm-none-eabi/11.3.1/../../../../arm-none-eabi/lib/thumb/v7e-m+fp/hard\libc_nano.a(libc_a-memset.o)
                              C:/ST/STM32CubeIDE_1.13.2/STM32CubeIDE/plugins/com.st.stm32cube.ide.mcu.externaltools.gnu-tools-for-stm32.11.3.rel1.win32_1.1.1.202309131626/tools/bin/../lib/gcc/arm-none-eabi/11.3.1/../../../../arm-none-eabi/lib/thumb/v7e-m+fp/hard/crt0.o (memset)
C:/ST/STM32CubeIDE_1.13.2/STM32CubeIDE/plugins/com.st.stm32cube.ide.mcu.externaltools.gnu-tools-for-stm32.11.3.rel1.win32_1.1.1.202309131626/tools/bin/../lib/gcc/arm-none-eabi/11.3.1/../../../../arm-none-eabi/lib/thumb/v7e-m+fp/hard\libc_nano.a(libc_a-closer.o)
                              C:/ST/STM32CubeIDE_1.13.2/STM32CubeIDE/plugins/com.st.stm32cube.ide.mcu.externaltools.gnu-tools-for-stm32.11.3.rel1.win32_1.1.1.202309131626/tools/bin/../lib/gcc/arm-none-eabi/11.3.1/../../../../arm-none-eabi/lib/thumb/v7e-m+fp/hard\libc_nano.a(libc_a-stdio.o) (_close_r)
[...]
Memory Configuration

Name             Origin             Length             Attributes
RAM              0x0000000020000000 0x0000000000018000 xrw
RAM2             0x0000000010000000 0x0000000000008000 xrw
FLASH            0x0000000008000000 0x0000000000100000 xr
*default*        0x0000000000000000 0xffffffffffffffff

Linker script and memory map

LOAD C:/ST/STM32CubeIDE_1.13.2/STM32CubeIDE/plugins/com.st.stm32cube.ide.mcu.externaltools.gnu-tools-for-stm32.11.3.rel1.win32_1.1.1.202309131626/tools/bin/../lib/gcc/arm-none-eabi/11.3.1/thumb/v7e-m+fp/hard/crti.o
LOAD C:/ST/STM32CubeIDE_1.13.2/STM32CubeIDE/plugins/com.st.stm32cube.ide.mcu.externaltools.gnu-tools-for-stm32.11.3.rel1.win32_1.1.1.202309131626/tools/bin/../lib/gcc/arm-none-eabi/11.3.1/thumb/v7e-m+fp/hard/crtbegin.o
LOAD C:/ST/STM32CubeIDE_1.13.2/STM32CubeIDE/plugins/com.st.stm32cube.ide.mcu.externaltools.gnu-tools-for-stm32.11.3.rel1.win32_1.1.1.202309131626/tools/bin/../lib/gcc/arm-none-eabi/11.3.1/../../../../arm-none-eabi/lib/thumb/v7e-m+fp/hard/crt0.o
LOAD ./Core/Src/ble.o
LOAD ./Core/Src/i2c.o
LOAD ./Core/Src/leds.o
LOAD ./Core/Src/lsm6dsl.o
LOAD ./Core/Src/main.o
LOAD ./Core/Src/stm32l4xx_hal_msp.o
LOAD ./Core/Src/stm32l4xx_it.o
LOAD ./Core/Src/syscalls.o
LOAD ./Core/Src/system_stm32l4xx.o
LOAD ./Core/Src/timer.o
LOAD ./Core/Startup/startup_stm32l475vgtx.o
LOAD ./Drivers/STM32L4xx_HAL_Driver/Src/stm32l4xx_hal.o
LOAD ./Drivers/STM32L4xx_HAL_Driver/Src/stm32l4xx_hal_cortex.o
LOAD ./Drivers/STM32L4xx_HAL_Driver/Src/stm32l4xx_hal_dma.o
LOAD ./Drivers/STM32L4xx_HAL_Driver/Src/stm32l4xx_hal_dma_ex.o
LOAD ./Drivers/STM32L4xx_HAL_Driver/Src/stm32l4xx_hal_exti.o
LOAD ./Drivers/STM32L4xx_HAL_Driver/Src/stm32l4xx_hal_flash.o
LOAD ./Drivers/STM32L4xx_HAL_Driver/Src/stm32l4xx_hal_flash_ex.o
LOAD ./Drivers/STM32L4xx_HAL_Driver/Src/stm32l4xx_hal_flash_ramfunc.o
LOAD ./Drivers/STM32L4xx_HAL_Driver/Src/stm32l4xx_hal_gpio.o
LOAD ./Drivers/STM32L4xx_HAL_Driver/Src/stm32l4xx_hal_i2c.o
LOAD ./Drivers/STM32L4xx_HAL_Driver/Src/stm32l4xx_hal_i2c_ex.o
LOAD ./Drivers/STM32L4xx_HAL_Driver/Src/stm32l4xx_hal_pwr.o
LOAD ./Drivers/STM32L4xx_HAL_Driver/Src/stm32l4xx_hal_pwr_ex.o
LOAD ./Drivers/STM32L4xx_HAL_Driver/Src/stm32l4xx_hal_rcc.o
LOAD ./Drivers/STM32L4xx_HAL_Driver/Src/stm32l4xx_hal_rcc_ex.o
LOAD ./Drivers/STM32L4xx_HAL_Driver/Src/stm32l4xx_hal_spi.o
LOAD ./Drivers/STM32L4xx_HAL_Driver/Src/stm32l4xx_hal_spi_ex.o
LOAD ./Drivers/STM32L4xx_HAL_Driver/Src/stm32l4xx_hal_tim.o
LOAD ./Drivers/STM32L4xx_HAL_Driver/Src/stm32l4xx_hal_tim_ex.o
START GROUP
LOAD C:/ST/STM32CubeIDE_1.13.2/STM32CubeIDE/plugins/com.st.stm32cube.ide.mcu.externaltools.gnu-tools-for-stm32.11.3.rel1.win32_1.1.1.202309131626/tools/bin/../lib/gcc/arm-none-eabi/11.3.1/../../../../arm-none-eabi/lib/thumb/v7e-m+fp/hard\libc_nano.a
LOAD C:/ST/STM32CubeIDE_1.13.2/STM32CubeIDE/plugins/com.st.stm32cube.ide.mcu.externaltools.gnu-tools-for-stm32.11.3.rel1.win32_1.1.1.202309131626/tools/bin/../lib/gcc/arm-none-eabi/11.3.1/../../../../arm-none-eabi/lib/thumb/v7e-m+fp/hard\libm.a
END GROUP
START GROUP
LOAD C:/ST/STM32CubeIDE_1.13.2/STM32CubeIDE/plugins/com.st.stm32cube.ide.mcu.externaltools.gnu-tools-for-stm32.11.3.rel1.win32_1.1.1.202309131626/tools/bin/../lib/gcc/arm-none-eabi/11.3.1/thumb/v7e-m+fp/hard\libgcc.a
LOAD C:/ST/STM32CubeIDE_1.13.2/STM32CubeIDE/plugins/com.st.stm32cube.ide.mcu.externaltools.gnu-tools-for-stm32.11.3.rel1.win32_1.1.1.202309131626/tools/bin/../lib/gcc/arm-none-eabi/11.3.1/../../../../arm-none-eabi/lib/thumb/v7e-m+fp/hard\libc_nano.a
END GROUP
START GROUP
LOAD C:/ST/STM32CubeIDE_1.13.2/STM32CubeIDE/plugins/com.st.stm32cube.ide.mcu.externaltools.gnu-tools-for-stm32.11.3.rel1.win32_1.1.1.202309131626/tools/bin/../lib/gcc/arm-none-eabi/11.3.1/thumb/v7e-m+fp/hard\libgcc.a
LOAD C:/ST/STM32CubeIDE_1.13.2/STM32CubeIDE/plugins/com.st.stm32cube.ide.mcu.externaltools.gnu-tools-for-stm32.11.3.rel1.win32_1.1.1.202309131626/tools/bin/../lib/gcc/arm-none-eabi/11.3.1/../../../../arm-none-eabi/lib/thumb/v7e-m+fp/hard\libc_nano.a
LOAD C:/ST/STM32CubeIDE_1.13.2/STM32CubeIDE/plugins/com.st.stm32cube.ide.mcu.externaltools.gnu-tools-for-stm32.11.3.rel1.win32_1.1.1.202309131626/tools/bin/../lib/gcc/arm-none-eabi/11.3.1/../../../../arm-none-eabi/lib/thumb/v7e-m+fp/hard\libnosys.a
END GROUP
START GROUP
LOAD C:/ST/STM32CubeIDE_1.13.2/STM32CubeIDE/plugins/com.st.stm32cube.ide.mcu.externaltools.gnu-tools-for-stm32.11.3.rel1.win32_1.1.1.202309131626/tools/bin/../lib/gcc/arm-none-eabi/11.3.1/thumb/v7e-m+fp/hard\libgcc.a
LOAD C:/ST/STM32CubeIDE_1.13.2/STM32CubeIDE/plugins/com.st.stm32cube.ide.mcu.externaltools.gnu-tools-for-stm32.11.3.rel1.win32_1.1.1.202309131626/tools/bin/../lib/gcc/arm-none-eabi/11.3.1/../../../../arm-none-eabi/lib/thumb/v7e-m+fp/hard\libc_nano.a
LOAD C:/ST/STM32CubeIDE_1.13.2/STM32CubeIDE/plugins/com.st.stm32cube.ide.mcu.externaltools.gnu-tools-for-stm32.11.3.rel1.win32_1.1.1.202309131626/tools/bin/../lib/gcc/arm-none-eabi/11.3.1/../../../../arm-none-eabi/lib/thumb/v7e-m+fp/hard\libnosys.a
END GROUP
LOAD C:/ST/STM32CubeIDE_1.13.2/STM32CubeIDE/plugins/com.st.stm32cube.ide.mcu.externaltools.gnu-tools-for-stm32.11.3.rel1.win32_1.1.1.202309131626/tools/bin/../lib/gcc/arm-none-eabi/11.3.1/thumb/v7e-m+fp/hard/crtend.o
LOAD C:/ST/STM32CubeIDE_1.13.2/STM32CubeIDE/plugins/com.st.stm32cube.ide.mcu.externaltools.gnu-tools-for-stm32.11.3.rel1.win32_1.1.1.202309131626/tools/bin/../lib/gcc/arm-none-eabi/11.3.1/thumb/v7e-m+fp/hard/crtn.o
                0x0000000020018000                _estack = (ORIGIN (RAM) + LENGTH (RAM))
                0x0000000000000200                _Min_Heap_Size = 0x200
                0x0000000000000400                _Min_Stack_Size = 0x400

.isr_vector     0x0000000008000000      0x188
                0x0000000008000000                . = ALIGN (0x4)
 *(.isr_vector)
 .isr_vector    0x0000000008000000      0x188 ./Core/Startup/startup_stm32l475vgtx.o
                0x0000000008000000                g_pfnVectors
                0x0000000008000188                . = ALIGN (0x4)

.text           0x0000000008000188     0x1e58
                0x0000000008000188                . = ALIGN (0x4)
 *(.text)
 .text          0x0000000008000188       0x40 C:/ST/STM32CubeIDE_1.13.2/STM32CubeIDE/plugins/com.st.stm32cube.ide.mcu.externaltools.gnu-tools-for-stm32.11.3.rel1.win32_1.1.1.202309131626/tools/bin/../lib/gcc/arm-none-eabi/11.3.1/thumb/v7e-m+fp/hard/crtbegin.o
 *(.text*)
 .text.fetchBleEvent
                0x00000000080001c8       0xe4 ./Core/Src/ble.o
                0x00000000080001c8                fetchBleEvent
 .text.checkEventResp
                0x00000000080002ac       0x1e ./Core/Src/ble.o
                0x00000000080002ac                checkEventResp
 *fill*         0x00000000080002ca        0x2 
 .text.sendCommand
                0x00000000080002cc       0x84 ./Core/Src/ble.o
                0x00000000080002cc                sendCommand
 .text.setConnectable
                0x0000000008000350       0xc8 ./Core/Src/ble.o
                0x0000000008000350                setConnectable
 .text.catchBLE
                0x0000000008000418       0x2c ./Core/Src/ble.o
                0x0000000008000418                catchBLE
 .text.BLE_command
                0x0000000008000444       0x60 ./Core/Src/ble.o
                0x0000000008000444                BLE_command
 .text.addService
                0x00000000080004a4       0x54 ./Core/Src/ble.o
                0x00000000080004a4                addService
 .text.addCharacteristic
                0x00000000080004f8       0x64 ./Core/Src/ble.o
                0x00000000080004f8                addCharacteristic
 .text.updateCharValue
                0x000000000800055c       0x7c ./Core/Src/ble.o
                0x000000000800055c                updateCharValue
 .text.ble_init
                0x00000000080005d8      0x1a8 ./Core/Src/ble.o
                0x00000000080005d8                ble_init
 .text.SystemClock_Config
                0x0000000008000780       0x62 ./Core/Src/main.o
                0x0000000008000780                SystemClock_Config
 *fill*         0x00000000080007e2        0x2 
 .text.startup.main
                0x00000000080007e4      0x1c8 ./Core/Src/main.o
                0x00000000080007e4                main
 .text.HAL_MspInit
                0x00000000080009ac       0x30 ./Core/Src/stm32l4xx_hal_msp.o
                0x00000000080009ac                HAL_MspInit
 .text.HAL_SPI_MspInit
                0x00000000080009dc       0x68 ./Core/Src/stm32l4xx_hal_msp.o
                0x00000000080009dc                HAL_SPI_MspInit
 .text.NMI_Handler
                0x0000000008000a44        0x2 ./Core/Src/stm32l4xx_it.o
                0x0000000008000a44                NMI_Handler
 .text.HardFault_Handler
                0x0000000008000a46        0x2 ./Core/Src/stm32l4xx_it.o
                0x0000000008000a46                HardFault_Handler
 .text.MemManage_Handler
                0x0000000008000a48        0x2 ./Core/Src/stm32l4xx_it.o
                0x0000000008000a48                MemManage_Handler
 .text.BusFault_Handler
                0x0000000008000a4a        0x2 ./Core/Src/stm32l4xx_it.o
                0x0000000008000a4a                BusFault_Handler
 .text.UsageFault_Handler
                0x0000000008000a4c        0x2 ./Core/Src/stm32l4xx_it.o
                0x0000000008000a4c                UsageFault_Handler
 .text.SVC_Handler
                0x0000000008000a4e        0x2 ./Core/Src/stm32l4xx_it.o
                0x0000000008000a4e                SVC_Handler
 .text.DebugMon_Handler
                0x0000000008000a50        0x2 ./Core/Src/stm32l4xx_it.o
                0x0000000008000a50                DebugMon_Handler
 .text.PendSV_Handler
                0x0000000008000a52        0x2 ./Core/Src/stm32l4xx_it.o
                0x0000000008000a52                PendSV_Handler
 .text.SysTick_Handler
                0x0000000008000a54        0x4 ./Core/Src/stm32l4xx_it.o
                0x0000000008000a54                SysTick_Handler
 .text.EXTI9_5_IRQHandler
                0x0000000008000a58       0x10 ./Core/Src/stm32l4xx_it.o
                0x0000000008000a58                EXTI9_5_IRQHandler
 .text._sbrk    0x0000000008000a68       0x34 ./Core/Src/syscalls.o
                0x0000000008000a68                _sbrk
 .text.SystemInit
                0x0000000008000a9c       0x48 ./Core/Src/system_stm32l4xx.o
                0x0000000008000a9c                SystemInit
 .text.Reset_Handler
                0x0000000008000ae4       0x50 ./Core/Startup/startup_stm32l475vgtx.o
                0x0000000008000ae4                Reset_Handler
 .text.Default_Handler
                0x0000000008000b34        0x2 ./Core/Startup/startup_stm32l475vgtx.o
                0x0000000008000b34                RTC_Alarm_IRQHandler
                0x0000000008000b34                EXTI2_IRQHandler
                0x0000000008000b34                TIM8_TRG_COM_IRQHandler
                0x0000000008000b34                TIM8_CC_IRQHandler
                0x0000000008000b34                TIM1_CC_IRQHandler
                0x0000000008000b34                TSC_IRQHandler
                0x0000000008000b34                TAMP_STAMP_IRQHandler
                0x0000000008000b34                EXTI3_IRQHandler
                0x0000000008000b34                LPTIM2_IRQHandler
                0x0000000008000b34                DFSDM1_FLT1_IRQHandler
                0x0000000008000b34                I2C3_ER_IRQHandler
                0x0000000008000b34                DFSDM1_FLT2_IRQHandler
                0x0000000008000b34                EXTI0_IRQHandler
                0x0000000008000b34                I2C2_EV_IRQHandler
                0x0000000008000b34                CAN1_RX0_IRQHandler
                0x0000000008000b34                FPU_IRQHandler
                0x0000000008000b34                TIM1_UP_TIM16_IRQHandler
                0x0000000008000b34                ADC1_2_IRQHandler
                0x0000000008000b34                SPI1_IRQHandler
                0x0000000008000b34                TIM6_DAC_IRQHandler
                0x0000000008000b34                TIM8_UP_IRQHandler
                0x0000000008000b34                DMA2_Channel2_IRQHandler
                0x0000000008000b34                DMA1_Channel4_IRQHandler
                0x0000000008000b34                SAI2_IRQHandler
                0x0000000008000b34                DFSDM1_FLT3_IRQHandler
                0x0000000008000b34                USART3_IRQHandler
                0x0000000008000b34                DMA1_Channel7_IRQHandler
                0x0000000008000b34                CAN1_RX1_IRQHandler
                0x0000000008000b34                UART5_IRQHandler
                0x0000000008000b34                ADC3_IRQHandler
                0x0000000008000b34                TIM4_IRQHandler
                0x0000000008000b34                DMA2_Channel1_IRQHandler
                0x0000000008000b34                QUADSPI_IRQHandler
                0x0000000008000b34                I2C1_EV_IRQHandler
                0x0000000008000b34                DMA1_Channel6_IRQHandler
                0x0000000008000b34                UART4_IRQHandler
                0x0000000008000b34                DMA2_Channel4_IRQHandler
                0x0000000008000b34                TIM3_IRQHandler
                0x0000000008000b34                RCC_IRQHandler
                0x0000000008000b34                DMA1_Channel1_IRQHandler
                0x0000000008000b34                Default_Handler
                0x0000000008000b34                DMA2_Channel7_IRQHandler
                0x0000000008000b34                EXTI15_10_IRQHandler
                0x0000000008000b34                TIM7_IRQHandler
                0x0000000008000b34                SDMMC1_IRQHandler
                0x0000000008000b34                TIM5_IRQHandler
                0x0000000008000b34                I2C3_EV_IRQHandler
                0x0000000008000b34                RTC_WKUP_IRQHandler
                0x0000000008000b34                PVD_PVM_IRQHandler
                0x0000000008000b34                SPI2_IRQHandler
                0x0000000008000b34                CAN1_TX_IRQHandler
                0x0000000008000b34                DMA2_Channel5_IRQHandler
                0x0000000008000b34                DMA1_Channel5_IRQHandler
                0x0000000008000b34                EXTI4_IRQHandler
                0x0000000008000b34                RNG_IRQHandler
                0x0000000008000b34                TIM1_TRG_COM_TIM17_IRQHandler
                0x0000000008000b34                DMA1_Channel3_IRQHandler
                0x0000000008000b34                COMP_IRQHandler
                0x0000000008000b34                WWDG_IRQHandler
                0x0000000008000b34                LPUART1_IRQHandler
                0x0000000008000b34                DMA2_Channel6_IRQHandler
                0x0000000008000b34                TIM2_IRQHandler
                0x0000000008000b34                EXTI1_IRQHandler
                0x0000000008000b34                USART2_IRQHandler
                0x0000000008000b34                DFSDM1_FLT0_IRQHandler
                0x0000000008000b34                I2C2_ER_IRQHandler
                0x0000000008000b34                DMA1_Channel2_IRQHandler
                0x0000000008000b34                TIM8_BRK_IRQHandler
                0x0000000008000b34                CAN1_SCE_IRQHandler
                0x0000000008000b34                FLASH_IRQHandler
                0x0000000008000b34                USART1_IRQHandler
                0x0000000008000b34                OTG_FS_IRQHandler
                0x0000000008000b34                SPI3_IRQHandler
                0x0000000008000b34                I2C1_ER_IRQHandler
                0x0000000008000b34                FMC_IRQHandler
                0x0000000008000b34                SWPMI1_IRQHandler
                0x0000000008000b34                LPTIM1_IRQHandler
                0x0000000008000b34                SAI1_IRQHandler
                0x0000000008000b34                DMA2_Channel3_IRQHandler
                0x0000000008000b34                TIM1_BRK_TIM15_IRQHandler
 *fill*         0x0000000008000b36        0x2 
 .text.HAL_InitTick
                0x0000000008000b38       0x4c ./Drivers/STM32L4xx_HAL_Driver/Src/stm32l4xx_hal.o
                0x0000000008000b38                HAL_InitTick
 .text.HAL_Init
                0x0000000008000b84       0x1e ./Drivers/STM32L4xx_HAL_Driver/Src/stm32l4xx_hal.o
                0x0000000008000b84                HAL_Init
 *fill*         0x0000000008000ba2        0x2 
 .text.HAL_IncTick
                0x0000000008000ba4       0x18 ./Drivers/STM32L4xx_HAL_Driver/Src/stm32l4xx_hal.o
                0x0000000008000ba4                HAL_IncTick
 .text.HAL_GetTick
                0x0000000008000bbc        0xc ./Drivers/STM32L4xx_HAL_Driver/Src/stm32l4xx_hal.o
                0x0000000008000bbc                HAL_GetTick
 .text.HAL_Delay
                0x0000000008000bc8       0x28 ./Drivers/STM32L4xx_HAL_Driver/Src/stm32l4xx_hal.o
                0x0000000008000bc8                HAL_Delay
 .text.HAL_NVIC_SetPriorityGrouping
                0x0000000008000bf0       0x24 ./Drivers/STM32L4xx_HAL_Driver/Src/stm32l4xx_hal_cortex.o
                0x0000000008000bf0                HAL_NVIC_SetPriorityGrouping
 .text.HAL_NVIC_SetPriority
                0x0000000008000c14       0x64 ./Drivers/STM32L4xx_HAL_Driver/Src/stm32l4xx_hal_cortex.o
                0x0000000008000c14                HAL_NVIC_SetPriority
 .text.HAL_NVIC_EnableIRQ
                0x0000000008000c78       0x1c ./Drivers/STM32L4xx_HAL_Driver/Src/stm32l4xx_hal_cortex.o
                0x0000000008000c78                HAL_NVIC_EnableIRQ
 .text.HAL_SYSTICK_Config
                0x0000000008000c94       0x28 ./Drivers/STM32L4xx_HAL_Driver/Src/stm32l4xx_hal_cortex.o
                0x0000000008000c94                HAL_SYSTICK_Config
 .text.HAL_GPIO_Init
                0x0000000008000cbc      0x1bc ./Drivers/STM32L4xx_HAL_Driver/Src/stm32l4xx_hal_gpio.o
                0x0000000008000cbc                HAL_GPIO_Init
 .text.HAL_GPIO_ReadPin
                0x0000000008000e78        0xc ./Drivers/STM32L4xx_HAL_Driver/Src/stm32l4xx_hal_gpio.o
                0x0000000008000e78                HAL_GPIO_ReadPin
 .text.HAL_GPIO_WritePin
                0x0000000008000e84        0xa ./Drivers/STM32L4xx_HAL_Driver/Src/stm32l4xx_hal_gpio.o
                0x0000000008000e84                HAL_GPIO_WritePin
 .text.HAL_GPIO_EXTI_Callback
                0x0000000008000e8e        0x2 ./Drivers/STM32L4xx_HAL_Driver/Src/stm32l4xx_hal_gpio.o
                0x0000000008000e8e                HAL_GPIO_EXTI_Callback
 .text.HAL_GPIO_EXTI_IRQHandler
                0x0000000008000e90       0x18 ./Drivers/STM32L4xx_HAL_Driver/Src/stm32l4xx_hal_gpio.o
                0x0000000008000e90                HAL_GPIO_EXTI_IRQHandler
 .text.HAL_PWREx_GetVoltageRange
                0x0000000008000ea8       0x10 ./Drivers/STM32L4xx_HAL_Driver/Src/stm32l4xx_hal_pwr_ex.o
                0x0000000008000ea8                HAL_PWREx_GetVoltageRange
 .text.HAL_PWREx_ControlVoltageScaling
                0x0000000008000eb8       0x6c ./Drivers/STM32L4xx_HAL_Driver/Src/stm32l4xx_hal_pwr_ex.o
                0x0000000008000eb8                HAL_PWREx_ControlVoltageScaling
 .text.RCC_SetFlashLatencyFromMSIRange
                0x0000000008000f24       0x84 ./Drivers/STM32L4xx_HAL_Driver/Src/stm32l4xx_hal_rcc.o
 .text.HAL_RCC_GetSysClockFreq
                0x0000000008000fa8       0x9c ./Drivers/STM32L4xx_HAL_Driver/Src/stm32l4xx_hal_rcc.o
                0x0000000008000fa8                HAL_RCC_GetSysClockFreq
 .text.HAL_RCC_OscConfig
                0x0000000008001044      0x500 ./Drivers/STM32L4xx_HAL_Driver/Src/stm32l4xx_hal_rcc.o
                0x0000000008001044                HAL_RCC_OscConfig
 .text.HAL_RCC_ClockConfig
                0x0000000008001544      0x154 ./Drivers/STM32L4xx_HAL_Driver/Src/stm32l4xx_hal_rcc.o
                0x0000000008001544                HAL_RCC_ClockConfig
 .text.SPI_WaitFifoStateUntilTimeout.constprop.0
                0x0000000008001698       0xc8 ./Drivers/STM32L4xx_HAL_Driver/Src/stm32l4xx_hal_spi.o
 .text.SPI_WaitFlagStateUntilTimeout.constprop.0
                0x0000000008001760       0xa4 ./Drivers/STM32L4xx_HAL_Driver/Src/stm32l4xx_hal_spi.o
 .text.SPI_EndRxTxTransaction
                0x0000000008001804       0x4a ./Drivers/STM32L4xx_HAL_Driver/Src/stm32l4xx_hal_spi.o
 .text.HAL_SPI_Init
                0x000000000800184e       0xd4 ./Drivers/STM32L4xx_HAL_Driver/Src/stm32l4xx_hal_spi.o
                0x000000000800184e                HAL_SPI_Init
 .text.HAL_SPI_Transmit
                0x0000000008001922      0x194 ./Drivers/STM32L4xx_HAL_Driver/Src/stm32l4xx_hal_spi.o
                0x0000000008001922                HAL_SPI_Transmit
 .text.HAL_SPI_TransmitReceive
                0x0000000008001ab6      0x25c ./Drivers/STM32L4xx_HAL_Driver/Src/stm32l4xx_hal_spi.o
                0x0000000008001ab6                HAL_SPI_TransmitReceive
 *fill*         0x0000000008001d12        0x2 
 .text.malloc   0x0000000008001d14       0x10 C:/ST/STM32CubeIDE_1.13.2/STM32CubeIDE/plugins/com.st.stm32cube.ide.mcu.externaltools.gnu-tools-for-stm32.11.3.rel1.win32_1.1.1.202309131626/tools/bin/../lib/gcc/arm-none-eabi/11.3.1/../../../../arm-none-eabi/lib/thumb/v7e-m+fp/hard\libc_nano.a(libc_a-malloc.o)
                0x0000000008001d14                malloc
 .text.free     0x0000000008001d24       0x10 C:/ST/STM32CubeIDE_1.13.2/STM32CubeIDE/plugins/com.st.stm32cube.ide.mcu.externaltools.gnu-tools-for-stm32.11.3.rel1.win32_1.1.1.202309131626/tools/bin/../lib/gcc/arm-none-eabi/11.3.1/../../../../arm-none-eabi/lib/thumb/v7e-m+fp/hard\libc_nano.a(libc_a-malloc.o)
                0x0000000008001d24                free
 .text.sbrk_aligned
                0x0000000008001d34       0x40 C:/ST/STM32CubeIDE_1.13.2/STM32CubeIDE/plugins/com.st.stm32cube.ide.mcu.externaltools.gnu-tools-for-stm32.11.3.rel1.win32_1.1.1.202309131626/tools/bin/../lib/gcc/arm-none-eabi/11.3.1/../../../../arm-none-eabi/lib/thumb/v7e-m+fp/hard\libc_nano.a(libc_a-mallocr.o)
 .text._malloc_r
                0x0000000008001d74      0x100 C:/ST/STM32CubeIDE_1.13.2/STM32CubeIDE/plugins/com.st.stm32cube.ide.mcu.externaltools.gnu-tools-for-stm32.11.3.rel1.win32_1.1.1.202309131626/tools/bin/../lib/gcc/arm-none-eabi/11.3.1/../../../../arm-none-eabi/lib/thumb/v7e-m+fp/hard\libc_nano.a(libc_a-mallocr.o)
                0x0000000008001d74                _malloc_r
 .text.__malloc_lock
                0x0000000008001e74        0xc C:/ST/STM32CubeIDE_1.13.2/STM32CubeIDE/plugins/com.st.stm32cube.ide.mcu.externaltools.gnu-tools-for-stm32.11.3.rel1.win32_1.1.1.202309131626/tools/bin/../lib/gcc/arm-none-eabi/11.3.1/../../../../arm-none-eabi/lib/thumb/v7e-m+fp/hard\libc_nano.a(libc_a-mlock.o)
                0x0000000008001e74                __malloc_lock
 .text.__malloc_unlock
                0x0000000008001e80        0xc C:/ST/STM32CubeIDE_1.13.2/STM32CubeIDE/plugins/com.st.stm32cube.ide.mcu.externaltools.gnu-tools-for-stm32.11.3.rel1.win32_1.1.1.202309131626/tools/bin/../lib/gcc/arm-none-eabi/11.3.1/../../../../arm-none-eabi/lib/thumb/v7e-m+fp/hard\libc_nano.a(libc_a-mlock.o)
                0x0000000008001e80                __malloc_unlock
 .text.memset   0x0000000008001e8c       0x10 C:/ST/STM32CubeIDE_1.13.2/STM32CubeIDE/plugins/com.st.stm32cube.ide.mcu.externaltools.gnu-tools-for-stm32.11.3.rel1.win32_1.1.1.202309131626/tools/bin/../lib/gcc/arm-none-eabi/11.3.1/../../../../arm-none-eabi/lib/thumb/v7e-m+fp/hard\libc_nano.a(libc_a-memset.o)
                0x0000000008001e8c                memset
 .text._sbrk_r  0x0000000008001e9c       0x20 C:/ST/STM32CubeIDE_1.13.2/STM32CubeIDE/plugins/com.st.stm32cube.ide.mcu.externaltools.gnu-tools-for-stm32.11.3.rel1.win32_1.1.1.202309131626/tools/bin/../lib/gcc/arm-none-eabi/11.3.1/../../../../arm-none-eabi/lib/thumb/v7e-m+fp/hard\libc_nano.a(libc_a-sbrkr.o)
                0x0000000008001e9c                _sbrk_r
 .text.__errno  0x0000000008001ebc        0xc C:/ST/STM32CubeIDE_1.13.2/STM32CubeIDE/plugins/com.st.stm32cube.ide.mcu.externaltools.gnu-tools-for-stm32.11.3.rel1.win32_1.1.1.202309131626/tools/bin/../lib/gcc/arm-none-eabi/11.3.1/../../../../arm-none-eabi/lib/thumb/v7e-m+fp/hard\libc_nano.a(libc_a-errno.o)
                0x0000000008001ebc                __errno
 .text.__libc_init_array
                0x0000000008001ec8       0x48 C:/ST/STM32CubeIDE_1.13.2/STM32CubeIDE/plugins/com.st.stm32cube.ide.mcu.externaltools.gnu-tools-for-stm32.11.3.rel1.win32_1.1.1.202309131626/tools/bin/../lib/gcc/arm-none-eabi/11.3.1/../../../../arm-none-eabi/lib/thumb/v7e-m+fp/hard\libc_nano.a(libc_a-init.o)
                0x0000000008001ec8                __libc_init_array
 .text.__retarget_lock_acquire_recursive
                0x0000000008001f10        0x2 C:/ST/STM32CubeIDE_1.13.2/STM32CubeIDE/plugins/com.st.stm32cube.ide.mcu.externaltools.gnu-tools-for-stm32.11.3.rel1.win32_1.1.1.202309131626/tools/bin/../lib/gcc/arm-none-eabi/11.3.1/../../../../arm-none-eabi/lib/thumb/v7e-m+fp/hard\libc_nano.a(libc_a-lock.o)
                0x0000000008001f10                __retarget_lock_acquire_recursive
 .text.__retarget_lock_release_recursive
                0x0000000008001f12        0x2 C:/ST/STM32CubeIDE_1.13.2/STM32CubeIDE/plugins/com.st.stm32cube.ide.mcu.externaltools.gnu-tools-for-stm32.11.3.rel1.win32_1.1.1.202309131626/tools/bin/../lib/gcc/arm-none-eabi/11.3.1/../../../../arm-none-eabi/lib/thumb/v7e-m+fp/hard\libc_nano.a(libc_a-lock.o)
                0x0000000008001f12                __retarget_lock_release_recursive
 .text.memcpy   0x0000000008001f14       0x1c C:/ST/STM32CubeIDE_1.13.2/STM32CubeIDE/plugins/com.st.stm32cube.ide.mcu.externaltools.gnu-tools-for-stm32.11.3.rel1.win32_1.1.1.202309131626/tools/bin/../lib/gcc/arm-none-eabi/11.3.1/../../../../arm-none-eabi/lib/thumb/v7e-m+fp/hard\libc_nano.a(libc_a-memcpy-stub.o)
                0x0000000008001f14                memcpy
 .text._free_r  0x0000000008001f30       0x98 C:/ST/STM32CubeIDE_1.13.2/STM32CubeIDE/plugins/com.st.stm32cube.ide.mcu.externaltools.gnu-tools-for-stm32.11.3.rel1.win32_1.1.1.202309131626/tools/bin/../lib/gcc/arm-none-eabi/11.3.1/../../../../arm-none-eabi/lib/thumb/v7e-m+fp/hard\libc_nano.a(libc_a-freer.o)
                0x0000000008001f30                _free_r
 *(.glue_7)
 .glue_7        0x0000000008001fc8        0x0 linker stubs
 *(.glue_7t)
 .glue_7t       0x0000000008001fc8        0x0 linker stubs
 *(.eh_frame)
 .eh_frame      0x0000000008001fc8        0x0 C:/ST/STM32CubeIDE_1.13.2/STM32CubeIDE/plugins/com.st.stm32cube.ide.mcu.externaltools.gnu-tools-for-stm32.11.3.rel1.win32_1.1.1.202309131626/tools/bin/../lib/gcc/arm-none-eabi/11.3.1/thumb/v7e-m+fp/hard/crtbegin.o
 *(.init)
 .init          0x0000000008001fc8        0x4 C:/ST/STM32CubeIDE_1.13.2/STM32CubeIDE/plugins/com.st.stm32cube.ide.mcu.externaltools.gnu-tools-for-stm32.11.3.rel1.win32_1.1.1.202309131626/tools/bin/../lib/gcc/arm-none-eabi/11.3.1/thumb/v7e-m+fp/hard/crti.o
                0x0000000008001fc8                _init
 .init          0x0000000008001fcc        0x8 C:/ST/STM32CubeIDE_1.13.2/STM32CubeIDE/plugins/com.st.stm32cube.ide.mcu.externaltools.gnu-tools-for-stm32.11.3.rel1.win32_1.1.1.202309131626/tools/bin/../lib/gcc/arm-none-eabi/11.3.1/thumb/v7e-m+fp/hard/crtn.o
 *(.fini)
 .fini          0x0000000008001fd4        0x4 C:/ST/STM32CubeIDE_1.13.2/STM32CubeIDE/plugins/com.st.stm32cube.ide.mcu.externaltools.gnu-tools-for-stm32.11.3.rel1.win32_1.1.1.202309131626/tools/bin/../lib/gcc/arm-none-eabi/11.3.1/thumb/v7e-m+fp/hard/crti.o
                0x0000000008001fd4                _fini
 .fini          0x0000000008001fd8        0x8 C:/ST/STM32CubeIDE_1.13.2/STM32CubeIDE/plugins/com.st.stm32cube.ide.mcu.externaltools.gnu-tools-for-stm32.11.3.rel1.win32_1.1.1.202309131626/tools/bin/../lib/gcc/arm-none-eabi/11.3.1/thumb/v7e-m+fp/hard/crtn.o
                0x0000000008001fe0                . = ALIGN (0x4)
                0x0000000008001fe0                _etext = .

.vfp11_veneer   0x0000000008001fe0        0x0
 .vfp11_veneer  0x0000000008001fe0        0x0 linker stubs

.v4_bx          0x0000000008001fe0        0x0
 .v4_bx         0x0000000008001fe0        0x0 linker stubs

.iplt           0x0000000008001fe0        0x0
 .iplt          0x0000000008001fe0        0x0 C:/ST/STM32CubeIDE_1.13.2/STM32CubeIDE/plugins/com.st.stm32cube.ide.mcu.externaltools.gnu-tools-for-stm32.11.3.rel1.win32_1.1.1.202309131626/tools/bin/../lib/gcc/arm-none-eabi/11.3.1/thumb/v7e-m+fp/hard/crtbegin.o

.rodata         0x0000000008001fe0       0x60
                0x0000000008001fe0                . = ALIGN (0x4)
 *(.rodata)
 .rodata        0x0000000008001fe0        0xa ./Core/Src/ble.o
 *(.rodata*)
 .rodata.main.str1.1
                0x0000000008001fea       0x13 ./Core/Src/main.o
 .rodata.AHBPrescTable
                0x0000000008001ffd       0x10 ./Core/Src/system_stm32l4xx.o
                0x0000000008001ffd                AHBPrescTable
 *fill*         0x000000000800200d        0x3 
 .rodata.MSIRangeTable
                0x0000000008002010       0x30 ./Core/Src/system_stm32l4xx.o
                0x0000000008002010                MSIRangeTable
                0x0000000008002040                . = ALIGN (0x4)

.rel.dyn        0x0000000008002040        0x0
 .rel.iplt      0x0000000008002040        0x0 C:/ST/STM32CubeIDE_1.13.2/STM32CubeIDE/plugins/com.st.stm32cube.ide.mcu.externaltools.gnu-tools-for-stm32.11.3.rel1.win32_1.1.1.202309131626/tools/bin/../lib/gcc/arm-none-eabi/11.3.1/thumb/v7e-m+fp/hard/crtbegin.o

.ARM.extab      0x0000000008002040        0x0
                0x0000000008002040                . = ALIGN (0x4)
 *(.ARM.extab* .gnu.linkonce.armextab.*)
                0x0000000008002040                . = ALIGN (0x4)

.ARM            0x0000000008002040        0x0
                0x0000000008002040                . = ALIGN (0x4)
                0x0000000008002040                __exidx_start = .
 *(.ARM.exidx*)
                0x0000000008002040                __exidx_end = .
                0x0000000008002040                . = ALIGN (0x4)

.preinit_array  0x0000000008002040        0x0
                0x0000000008002040                . = ALIGN (0x4)
                0x0000000008002040                PROVIDE (__preinit_array_start = .)
 *(.preinit_array*)
                0x0000000008002040                PROVIDE (__preinit_array_end = .)
                0x0000000008002040                . = ALIGN (0x4)

.init_array     0x0000000008002040        0x4
                0x0000000008002040                . = ALIGN (0x4)
                0x0000000008002040                PROVIDE (__init_array_start = .)
 *(SORT_BY_NAME(.init_array.*))
 *(.init_array*)
 .init_array    0x0000000008002040        0x4 C:/ST/STM32CubeIDE_1.13.2/STM32CubeIDE/plugins/com.st.stm32cube.ide.mcu.externaltools.gnu-tools-for-stm32.11.3.rel1.win32_1.1.1.202309131626/tools/bin/../lib/gcc/arm-none-eabi/11.3.1/thumb/v7e-m+fp/hard/crtbegin.o
                0x0000000008002044                PROVIDE (__init_array_end = .)
                0x0000000008002044                . = ALIGN (0x4)

.fini_array     0x0000000008002044        0x4
                0x0000000008002044                . = ALIGN (0x4)
                [!provide]                        PROVIDE (__fini_array_start = .)
 *(SORT_BY_NAME(.fini_array.*))
 *(.fini_array*)
 .fini_array    0x0000000008002044        0x4 C:/ST/STM32CubeIDE_1.13.2/STM32CubeIDE/plugins/com.st.stm32cube.ide.mcu.externaltools.gnu-tools-for-stm32.11.3.rel1.win32_1.1.1.202309131626/tools/bin/../lib/gcc/arm-none-eabi/11.3.1/thumb/v7e-m+fp/hard/crtbegin.o
                [!provide]                        PROVIDE (__fini_array_end = .)
                0x0000000008002048                . = ALIGN (0x4)
                0x0000000008002048                _sidata = LOADADDR (.data)

.data           0x0000000020000000      0x16c load address 0x0000000008002048
                0x0000000020000000                . = ALIGN (0x4)
                0x0000000020000000                _sdata = .
 *(.data)
 *(.data*)
 .data.ACI_GAP_INIT
                0x0000000020000000        0x7 ./Core/Src/ble.o
                0x0000000020000000                ACI_GAP_INIT
 .data.ACI_GAP_INIT_COMPLETE
                0x0000000020000007        0x7 ./Core/Src/ble.o
                0x0000000020000007                ACI_GAP_INIT_COMPLETE
 .data.ACI_GAP_SET_AUTH
                0x000000002000000e       0x10 ./Core/Src/ble.o
                0x000000002000000e                ACI_GAP_SET_AUTH
 .data.ACI_GAP_SET_AUTH_RESP
                0x000000002000001e        0x7 ./Core/Src/ble.o
                0x000000002000001e                ACI_GAP_SET_AUTH_RESP
 .data.ACI_GAP_SET_DISCOVERABLE
                0x0000000020000025        0xd ./Core/Src/ble.o
                0x0000000020000025                ACI_GAP_SET_DISCOVERABLE
 .data.ACI_GAP_SET_DISCOVERABLE_COMPLETE
                0x0000000020000032        0x7 ./Core/Src/ble.o
                0x0000000020000032                ACI_GAP_SET_DISCOVERABLE_COMPLETE
 .data.ACI_GATT_INIT
                0x0000000020000039        0x4 ./Core/Src/ble.o
                0x0000000020000039                ACI_GATT_INIT
 .data.ACI_GATT_INIT_COMPLETE
                0x000000002000003d        0x7 ./Core/Src/ble.o
                0x000000002000003d                ACI_GATT_INIT_COMPLETE
 .data.ACI_HAL_SET_TX_POWER_LEVEL
                0x0000000020000044        0x6 ./Core/Src/ble.o
                0x0000000020000044                ACI_HAL_SET_TX_POWER_LEVEL
 .data.ACI_HAL_SET_TX_POWER_LEVEL_COMPLETE
                0x000000002000004a        0x7 ./Core/Src/ble.o
                0x000000002000004a                ACI_HAL_SET_TX_POWER_LEVEL_COMPLETE
 .data.ADD_CUSTOM_CHAR
                0x0000000020000051       0x1e ./Core/Src/ble.o
                0x0000000020000051                ADD_CUSTOM_CHAR
 .data.ADD_CUSTOM_CHAR_COMPLETE
                0x000000002000006f        0x7 ./Core/Src/ble.o
                0x000000002000006f                ADD_CUSTOM_CHAR_COMPLETE
 .data.ADD_PRIMARY_SERVICE
                0x0000000020000076       0x17 ./Core/Src/ble.o
                0x0000000020000076                ADD_PRIMARY_SERVICE
 .data.ADD_PRIMARY_SERVICE_COMPLETE
                0x000000002000008d        0x7 ./Core/Src/ble.o
                0x000000002000008d                ADD_PRIMARY_SERVICE_COMPLETE
 .data.EVENT_DISCONNECTED
                0x0000000020000094        0x4 ./Core/Src/ble.o
                0x0000000020000094                EVENT_DISCONNECTED
 .data.EVENT_STATUP_DATA
                0x0000000020000098        0x6 ./Core/Src/ble.o
                0x0000000020000098                EVENT_STATUP_DATA
 .data.HCI_LE_SET_SCAN_RESPONSE_DATA
                0x000000002000009e       0x24 ./Core/Src/ble.o
                0x000000002000009e                HCI_LE_SET_SCAN_RESPONSE_DATA
 .data.HCI_LE_SET_SCAN_RESPONSE_DATA_COMPLETE
                0x00000000200000c2        0x7 ./Core/Src/ble.o
                0x00000000200000c2                HCI_LE_SET_SCAN_RESPONSE_DATA_COMPLETE
 .data.UPDATE_CHAR
                0x00000000200000c9        0xf ./Core/Src/ble.o
                0x00000000200000c9                UPDATE_CHAR
 .data.UUID_CHAR_READ
                0x00000000200000d8       0x10 ./Core/Src/ble.o
                0x00000000200000d8                UUID_CHAR_READ
 .data.UUID_CHAR_WRITE
                0x00000000200000e8       0x10 ./Core/Src/ble.o
                0x00000000200000e8                UUID_CHAR_WRITE
 .data.UUID_NORDIC_UART_SERVICE
                0x00000000200000f8       0x10 ./Core/Src/ble.o
                0x00000000200000f8                UUID_NORDIC_UART_SERVICE
 .data.deviceName
                0x0000000020000108        0x7 ./Core/Src/ble.o
                0x0000000020000108                deviceName
 *fill*         0x000000002000010f        0x1 
 .data.SystemCoreClock
                0x0000000020000110        0x4 ./Core/Src/system_stm32l4xx.o
                0x0000000020000110                SystemCoreClock
 .data.uwTickFreq
                0x0000000020000114        0x1 ./Drivers/STM32L4xx_HAL_Driver/Src/stm32l4xx_hal.o
                0x0000000020000114                uwTickFreq
 *fill*         0x0000000020000115        0x3 
 .data.uwTickPrio
                0x0000000020000118        0x4 ./Drivers/STM32L4xx_HAL_Driver/Src/stm32l4xx_hal.o
                0x0000000020000118                uwTickPrio
 .data._impure_data
                0x000000002000011c       0x4c C:/ST/STM32CubeIDE_1.13.2/STM32CubeIDE/plugins/com.st.stm32cube.ide.mcu.externaltools.gnu-tools-for-stm32.11.3.rel1.win32_1.1.1.202309131626/tools/bin/../lib/gcc/arm-none-eabi/11.3.1/../../../../arm-none-eabi/lib/thumb/v7e-m+fp/hard\libc_nano.a(libc_a-impure.o)
                0x000000002000011c                _impure_data
 .data._impure_ptr
                0x0000000020000168        0x4 C:/ST/STM32CubeIDE_1.13.2/STM32CubeIDE/plugins/com.st.stm32cube.ide.mcu.externaltools.gnu-tools-for-stm32.11.3.rel1.win32_1.1.1.202309131626/tools/bin/../lib/gcc/arm-none-eabi/11.3.1/../../../../arm-none-eabi/lib/thumb/v7e-m+fp/hard\libc_nano.a(libc_a-impure.o)
                0x0000000020000168                _impure_ptr
 *(.RamFunc)
 *(.RamFunc*)
                0x000000002000016c                . = ALIGN (0x4)
                0x000000002000016c                _edata = .

.igot.plt       0x000000002000016c        0x0 load address 0x00000000080021b4
 .igot.plt      0x000000002000016c        0x0 C:/ST/STM32CubeIDE_1.13.2/STM32CubeIDE/plugins/com.st.stm32cube.ide.mcu.externaltools.gnu-tools-for-stm32.11.3.rel1.win32_1.1.1.202309131626/tools/bin/../lib/gcc/arm-none-eabi/11.3.1/thumb/v7e-m+fp/hard/crtbegin.o
                0x000000002000016c                . = ALIGN (0x4)

.bss            0x000000002000016c      0x2e8 load address 0x00000000080021b4
                0x000000002000016c                _sbss = .
                0x000000002000016c                __bss_start__ = _sbss
 *(.bss)
 .bss           0x000000002000016c       0x1c C:/ST/STM32CubeIDE_1.13.2/STM32CubeIDE/plugins/com.st.stm32cube.ide.mcu.externaltools.gnu-tools-for-stm32.11.3.rel1.win32_1.1.1.202309131626/tools/bin/../lib/gcc/arm-none-eabi/11.3.1/thumb/v7e-m+fp/hard/crtbegin.o
 *(.bss*)
 .bss.GAP_CHAR_APP_HANDLE
                0x0000000020000188        0x2 ./Core/Src/ble.o
                0x0000000020000188                GAP_CHAR_APP_HANDLE
 .bss.GAP_CHAR_NAME_HANDLE
                0x000000002000018a        0x2 ./Core/Src/ble.o
                0x000000002000018a                GAP_CHAR_NAME_HANDLE
 .bss.GAP_SERVICE_HANDLE
                0x000000002000018c        0x2 ./Core/Src/ble.o
                0x000000002000018c                GAP_SERVICE_HANDLE
 .bss.NORDIC_UART_SERVICE_HANDLE
                0x000000002000018e        0x2 ./Core/Src/ble.o
                0x000000002000018e                NORDIC_UART_SERVICE_HANDLE
 .bss.READ_CHAR_HANDLE
                0x0000000020000190        0x2 ./Core/Src/ble.o
                0x0000000020000190                READ_CHAR_HANDLE
 .bss.WRITE_CHAR_HANDLE
                0x0000000020000192        0x2 ./Core/Src/ble.o
                0x0000000020000192                WRITE_CHAR_HANDLE
 .bss.buffer    0x0000000020000194       0xff ./Core/Src/ble.o
                0x0000000020000194                buffer
 *fill*         0x0000000020000293        0x1 
 .bss.rxEvent   0x0000000020000294        0x4 ./Core/Src/ble.o
                0x0000000020000294                rxEvent
 .bss.stackInitCompleteFlag
                0x0000000020000298        0x2 ./Core/Src/ble.o
                0x0000000020000298                stackInitCompleteFlag
 *fill*         0x000000002000029a        0x2 
 .bss.dataAvailable
                0x000000002000029c        0x4 ./Core/Src/main.o
                0x000000002000029c                dataAvailable
 .bss.hspi3     0x00000000200002a0       0x64 ./Core/Src/main.o
                0x00000000200002a0                hspi3
 .bss.heap_end.0
                0x0000000020000304        0x4 ./Core/Src/syscalls.o
 .bss.uwTick    0x0000000020000308        0x4 ./Drivers/STM32L4xx_HAL_Driver/Src/stm32l4xx_hal.o
                0x0000000020000308                uwTick
 .bss.__malloc_free_list
                0x000000002000030c        0x4 C:/ST/STM32CubeIDE_1.13.2/STM32CubeIDE/plugins/com.st.stm32cube.ide.mcu.externaltools.gnu-tools-for-stm32.11.3.rel1.win32_1.1.1.202309131626/tools/bin/../lib/gcc/arm-none-eabi/11.3.1/../../../../arm-none-eabi/lib/thumb/v7e-m+fp/hard\libc_nano.a(libc_a-mallocr.o)
                0x000000002000030c                __malloc_free_list
 .bss.__malloc_sbrk_start
                0x0000000020000310        0x4 C:/ST/STM32CubeIDE_1.13.2/STM32CubeIDE/plugins/com.st.stm32cube.ide.mcu.externaltools.gnu-tools-for-stm32.11.3.rel1.win32_1.1.1.202309131626/tools/bin/../lib/gcc/arm-none-eabi/11.3.1/../../../../arm-none-eabi/lib/thumb/v7e-m+fp/hard\libc_nano.a(libc_a-mallocr.o)
                0x0000000020000310                __malloc_sbrk_start
 .bss.__sf      0x0000000020000314      0x138 C:/ST/STM32CubeIDE_1.13.2/STM32CubeIDE/plugins/com.st.stm32cube.ide.mcu.externaltools.gnu-tools-for-stm32.11.3.rel1.win32_1.1.1.202309131626/tools/bin/../lib/gcc/arm-none-eabi/11.3.1/../../../../arm-none-eabi/lib/thumb/v7e-m+fp/hard\libc_nano.a(libc_a-findfp.o)
                0x0000000020000314                __sf
 .bss.errno     0x000000002000044c        0x4 C:/ST/STM32CubeIDE_1.13.2/STM32CubeIDE/plugins/com.st.stm32cube.ide.mcu.externaltools.gnu-tools-for-stm32.11.3.rel1.win32_1.1.1.202309131626/tools/bin/../lib/gcc/arm-none-eabi/11.3.1/../../../../arm-none-eabi/lib/thumb/v7e-m+fp/hard\libc_nano.a(libc_a-reent.o)
                0x000000002000044c                errno
 .bss.__lock___malloc_recursive_mutex
                0x0000000020000450        0x1 C:/ST/STM32CubeIDE_1.13.2/STM32CubeIDE/plugins/com.st.stm32cube.ide.mcu.externaltools.gnu-tools-for-stm32.11.3.rel1.win32_1.1.1.202309131626/tools/bin/../lib/gcc/arm-none-eabi/11.3.1/../../../../arm-none-eabi/lib/thumb/v7e-m+fp/hard\libc_nano.a(libc_a-lock.o)
                0x0000000020000450                __lock___malloc_recursive_mutex
 *(COMMON)
                0x0000000020000454                . = ALIGN (0x4)
 *fill*         0x0000000020000451        0x3 
                0x0000000020000454                _ebss = .
                0x0000000020000454                __bss_end__ = _ebss

._user_heap_stack
                0x0000000020000454      0x604 load address 0x00000000080021b4
                0x0000000020000458                . = ALIGN (0x8)
 *fill*         0x0000000020000454        0x4 
                0x0000000020000458                PROVIDE (end = .)
                [!provide]                        PROVIDE (_end = .)
                0x0000000020000658                . = (. + _Min_Heap_Size)
 *fill*         0x0000000020000458      0x200 
                0x0000000020000a58                . = (. + _Min_Stack_Size)
 *fill*         0x0000000020000658      0x400 
                0x0000000020000a58                . = ALIGN (0x8)

/DISCARD/
 libc.a(*)
 libm.a(*)
 libgcc.a(*)

.ARM.attributes
                0x0000000000000000       0x30
 *(.ARM.attributes)
 .ARM.attributes
                0x0000000000000000       0x1e C:/ST/STM32CubeIDE_1.13.2/STM32CubeIDE/plugins/com.st.stm32cube.ide.mcu.externaltools.gnu-tools-for-stm32.11.3.rel1.win32_1.1.1.202309131626/tools/bin/../lib/gcc/arm-none-eabi/11.3.1/thumb/v7e-m+fp/hard/crti.o
 .ARM.attributes
                0x000000000000001e       0x34 C:/ST/STM32CubeIDE_1.13.2/STM32CubeIDE/plugins/com.st.stm32cube.ide.mcu.externaltools.gnu-tools-for-stm32.11.3.rel1.win32_1.1.1.202309131626/tools/bin/../lib/gcc/arm-none-eabi/11.3.1/thumb/v7e-m+fp/hard/crtbegin.o
 .ARM.attributes
                0x0000000000000052       0x34 ./Core/Src/ble.o
 .ARM.attributes
                0x0000000000000086       0x34 ./Core/Src/main.o
 .ARM.attributes
                0x00000000000000ba       0x34 ./Core/Src/stm32l4xx_hal_msp.o
 .ARM.attributes
                0x00000000000000ee       0x34 ./Core/Src/stm32l4xx_it.o
 .ARM.attributes
                0x0000000000000122       0x34 ./Core/Src/syscalls.o
 .ARM.attributes
                0x0000000000000156       0x34 ./Core/Src/system_stm32l4xx.o
 .ARM.attributes
                0x000000000000018a       0x21 ./Core/Startup/startup_stm32l475vgtx.o
 .ARM.attributes
                0x00000000000001ab       0x34 ./Drivers/STM32L4xx_HAL_Driver/Src/stm32l4xx_hal.o
 .ARM.attributes
                0x00000000000001df       0x34 ./Drivers/STM32L4xx_HAL_Driver/Src/stm32l4xx_hal_cortex.o
 .ARM.attributes
                0x0000000000000213       0x34 ./Drivers/STM32L4xx_HAL_Driver/Src/stm32l4xx_hal_gpio.o
 .ARM.attributes
                0x0000000000000247       0x34 ./Drivers/STM32L4xx_HAL_Driver/Src/stm32l4xx_hal_pwr_ex.o
 .ARM.attributes
                0x000000000000027b       0x34 ./Drivers/STM32L4xx_HAL_Driver/Src/stm32l4xx_hal_rcc.o
 .ARM.attributes
                0x00000000000002af       0x34 ./Drivers/STM32L4xx_HAL_Driver/Src/stm32l4xx_hal_spi.o
 .ARM.attributes
                0x00000000000002e3       0x34 C:/ST/STM32CubeIDE_1.13.2/STM32CubeIDE/plugins/com.st.stm32cube.ide.mcu.externaltools.gnu-tools-for-stm32.11.3.rel1.win32_1.1.1.202309131626/tools/bin/../lib/gcc/arm-none-eabi/11.3.1/../../../../arm-none-eabi/lib/thumb/v7e-m+fp/hard\libc_nano.a(libc_a-malloc.o)
 .ARM.attributes
                0x0000000000000317       0x34 C:/ST/STM32CubeIDE_1.13.2/STM32CubeIDE/plugins/com.st.stm32cube.ide.mcu.externaltools.gnu-tools-for-stm32.11.3.rel1.win32_1.1.1.202309131626/tools/bin/../lib/gcc/arm-none-eabi/11.3.1/../../../../arm-none-eabi/lib/thumb/v7e-m+fp/hard\libc_nano.a(libc_a-mallocr.o)
 .ARM.attributes
                0x000000000000034b       0x34 C:/ST/STM32CubeIDE_1.13.2/STM32CubeIDE/plugins/com.st.stm32cube.ide.mcu.externaltools.gnu-tools-for-stm32.11.3.rel1.win32_1.1.1.202309131626/tools/bin/../lib/gcc/arm-none-eabi/11.3.1/../../../../arm-none-eabi/lib/thumb/v7e-m+fp/hard\libc_nano.a(libc_a-mlock.o)
 .ARM.attributes
                0x000000000000037f       0x34 C:/ST/STM32CubeIDE_1.13.2/STM32CubeIDE/plugins/com.st.stm32cube.ide.mcu.externaltools.gnu-tools-for-stm32.11.3.rel1.win32_1.1.1.202309131626/tools/bin/../lib/gcc/arm-none-eabi/11.3.1/../../../../arm-none-eabi/lib/thumb/v7e-m+fp/hard\libc_nano.a(libc_a-findfp.o)
 .ARM.attributes
                0x00000000000003b3       0x34 C:/ST/STM32CubeIDE_1.13.2/STM32CubeIDE/plugins/com.st.stm32cube.ide.mcu.externaltools.gnu-tools-for-stm32.11.3.rel1.win32_1.1.1.202309131626/tools/bin/../lib/gcc/arm-none-eabi/11.3.1/../../../../arm-none-eabi/lib/thumb/v7e-m+fp/hard\libc_nano.a(libc_a-memset.o)
 .ARM.attributes
                0x00000000000003e7       0x34 C:/ST/STM32CubeIDE_1.13.2/STM32CubeIDE/plugins/com.st.stm32cube.ide.mcu.externaltools.gnu-tools-for-stm32.11.3.rel1.win32_1.1.1.202309131626/tools/bin/../lib/gcc/arm-none-eabi/11.3.1/../../../../arm-none-eabi/lib/thumb/v7e-m+fp/hard\libc_nano.a(libc_a-reent.o)
 .ARM.attributes
                0x000000000000041b       0x34 C:/ST/STM32CubeIDE_1.13.2/STM32CubeIDE/plugins/com.st.stm32cube.ide.mcu.externaltools.gnu-tools-for-stm32.11.3.rel1.win32_1.1.1.202309131626/tools/bin/../lib/gcc/arm-none-eabi/11.3.1/../../../../arm-none-eabi/lib/thumb/v7e-m+fp/hard\libc_nano.a(libc_a-impure.o)
 .ARM.attributes
                0x000000000000044f       0x34 C:/ST/STM32CubeIDE_1.13.2/STM32CubeIDE/plugins/com.st.stm32cube.ide.mcu.externaltools.gnu-tools-for-stm32.11.3.rel1.win32_1.1.1.202309131626/tools/bin/../lib/gcc/arm-none-eabi/11.3.1/../../../../arm-none-eabi/lib/thumb/v7e-m+fp/hard\libc_nano.a(libc_a-sbrkr.o)
 .ARM.attributes
                0x0000000000000483       0x34 C:/ST/STM32CubeIDE_1.13.2/STM32CubeIDE/plugins/com.st.stm32cube.ide.mcu.externaltools.gnu-tools-for-stm32.11.3.rel1.win32_1.1.1.202309131626/tools/bin/../lib/gcc/arm-none-eabi/11.3.1/../../../../arm-none-eabi/lib/thumb/v7e-m+fp/hard\libc_nano.a(libc_a-errno.o)
 .ARM.attributes
                0x00000000000004b7       0x34 C:/ST/STM32CubeIDE_1.13.2/STM32CubeIDE/plugins/com.st.stm32cube.ide.mcu.externaltools.gnu-tools-for-stm32.11.3.rel1.win32_1.1.1.202309131626/tools/bin/../lib/gcc/arm-none-eabi/11.3.1/../../../../arm-none-eabi/lib/thumb/v7e-m+fp/hard\libc_nano.a(libc_a-init.o)
 .ARM.attributes
                0x00000000000004eb       0x34 C:/ST/STM32CubeIDE_1.13.2/STM32CubeIDE/plugins/com.st.stm32cube.ide.mcu.externaltools.gnu-tools-for-stm32.11.3.rel1.win32_1.1.1.202309131626/tools/bin/../lib/gcc/arm-none-eabi/11.3.1/../../../../arm-none-eabi/lib/thumb/v7e-m+fp/hard\libc_nano.a(libc_a-lock.o)
 .ARM.attributes
                0x000000000000051f       0x34 C:/ST/STM32CubeIDE_1.13.2/STM32CubeIDE/plugins/com.st.stm32cube.ide.mcu.externaltools.gnu-tools-for-stm32.11.3.rel1.win32_1.1.1.202309131626/tools/bin/../lib/gcc/arm-none-eabi/11.3.1/../../../../arm-none-eabi/lib/thumb/v7e-m+fp/hard\libc_nano.a(libc_a-memcpy-stub.o)
 .ARM.attributes
                0x0000000000000553       0x34 C:/ST/STM32CubeIDE_1.13.2/STM32CubeIDE/plugins/com.st.stm32cube.ide.mcu.externaltools.gnu-tools-for-stm32.11.3.rel1.win32_1.1.1.202309131626/tools/bin/../lib/gcc/arm-none-eabi/11.3.1/../../../../arm-none-eabi/lib/thumb/v7e-m+fp/hard\libc_nano.a(libc_a-freer.o)
 .ARM.attributes
                0x0000000000000587       0x1e C:/ST/STM32CubeIDE_1.13.2/STM32CubeIDE/plugins/com.st.stm32cube.ide.mcu.externaltools.gnu-tools-for-stm32.11.3.rel1.win32_1.1.1.202309131626/tools/bin/../lib/gcc/arm-none-eabi/11.3.1/thumb/v7e-m+fp/hard/crtn.o
OUTPUT(youlostit-ble.elf elf32-littlearm)
LOAD linker stubs
LOAD C:/ST/STM32CubeIDE_1.13.2/STM32CubeIDE/plugins/com.st.stm32cube.ide.mcu.externaltools.gnu-tools-for-stm32.11.3.rel1.win32_1.1.1.202309131626/tools/bin/../lib/gcc/arm-none-eabi/11.3.1/../../../../arm-none-eabi/lib/thumb/v7e-m+fp/hard\libc.a
LOAD C:/ST/STM32CubeIDE_1.13.2/STM32CubeIDE/plugins/com.st.stm32cube.ide.mcu.externaltools.gnu-tools-for-stm32.11.3.rel1.win32_1.1.1.202309131626/tools/bin/../lib/gcc/arm-none-eabi/11.3.1/../../../../arm-none-eabi/lib/thumb/v7e-m+fp/hard\libm.a
LOAD C:/ST/STM32CubeIDE_1.13.2/STM32CubeIDE/plugins/com.st.stm32cube.ide.mcu.externaltools.gnu-tools-for-stm32.11.3.rel1.win32_1.1.1.202309131626/tools/bin/../lib/gcc/arm-none-eabi/11.3.1/thumb/v7e-m+fp/hard\libgcc.a

.comment        0x0000000000000000       0x43
 .comment       0x0000000000000000       0x43 C:/ST/STM32CubeIDE_1.13.2/STM32CubeIDE/plugins/com.st.stm32cube.ide.mcu.externaltools.gnu-tools-for-stm32.11.3.rel1.win32_1.1.1.202309131626/tools/bin/../lib/gcc/arm-none-eabi/11.3.1/thumb/v7e-m+fp/hard/crtbegin.o
                                         0x44 (size before relaxing)
 .comment       0x0000000000000043       0x44 ./Core/Src/ble.o
 .comment       0x0000000000000043       0x44 ./Core/Src/main.o
 .comment       0x0000000000000043       0x44 ./Core/Src/stm32l4xx_hal_msp.o
 .comment       0x0000000000000043       0x44 ./Core/Src/stm32l4xx_it.o
 .comment       0x0000000000000043       0x44 ./Core/Src/syscalls.o
 .comment       0x0000000000000043       0x44 ./Core/Src/system_stm32l4xx.o
 .comment       0x0000000000000043       0x44 ./Drivers/STM32L4xx_HAL_Driver/Src/stm32l4xx_hal.o
 .comment       0x0000000000000043       0x44 ./Drivers/STM32L4xx_HAL_Driver/Src/stm32l4xx_hal_cortex.o
 .comment       0x0000000000000043       0x44 ./Drivers/STM32L4xx_HAL_Driver/Src/stm32l4xx_hal_gpio.o
 .comment       0x0000000000000043       0x44 ./Drivers/STM32L4xx_HAL_Driver/Src/stm32l4xx_hal_pwr_ex.o
 .comment       0x0000000000000043       0x44 ./Drivers/STM32L4xx_HAL_Driver/Src/stm32l4xx_hal_rcc.o
 .comment       0x0000000000000043       0x44 ./Drivers/STM32L4xx_HAL_Driver/Src/stm32l4xx_hal_spi.o

.debug_frame    0x0000000000000000      0x3d4
 .debug_frame   0x0000000000000000       0x30 C:/ST/STM32CubeIDE_1.13.2/STM32CubeIDE/plugins/com.st.stm32cube.ide.mcu.externaltools.gnu-tools-for-stm32.11.3.rel1.win32_1.1.1.202309131626/tools/bin/../lib/gcc/arm-none-eabi/11.3.1/../../../../arm-none-eabi/lib/thumb/v7e-m+fp/hard\libc_nano.a(libc_a-malloc.o)
 .debug_frame   0x0000000000000030       0x50 C:/ST/STM32CubeIDE_1.13.2/STM32CubeIDE/plugins/com.st.stm32cube.ide.mcu.externaltools.gnu-tools-for-stm32.11.3.rel1.win32_1.1.1.202309131626/tools/bin/../lib/gcc/arm-none-eabi/11.3.1/../../../../arm-none-eabi/lib/thumb/v7e-m+fp/hard\libc_nano.a(libc_a-mallocr.o)
 .debug_frame   0x0000000000000080       0x30 C:/ST/STM32CubeIDE_1.13.2/STM32CubeIDE/plugins/com.st.stm32cube.ide.mcu.externaltools.gnu-tools-for-stm32.11.3.rel1.win32_1.1.1.202309131626/tools/bin/../lib/gcc/arm-none-eabi/11.3.1/../../../../arm-none-eabi/lib/thumb/v7e-m+fp/hard\libc_nano.a(libc_a-mlock.o)
 .debug_frame   0x00000000000000b0      0x144 C:/ST/STM32CubeIDE_1.13.2/STM32CubeIDE/plugins/com.st.stm32cube.ide.mcu.externaltools.gnu-tools-for-stm32.11.3.rel1.win32_1.1.1.202309131626/tools/bin/../lib/gcc/arm-none-eabi/11.3.1/../../../../arm-none-eabi/lib/thumb/v7e-m+fp/hard\libc_nano.a(libc_a-findfp.o)
 .debug_frame   0x00000000000001f4       0x20 C:/ST/STM32CubeIDE_1.13.2/STM32CubeIDE/plugins/com.st.stm32cube.ide.mcu.externaltools.gnu-tools-for-stm32.11.3.rel1.win32_1.1.1.202309131626/tools/bin/../lib/gcc/arm-none-eabi/11.3.1/../../../../arm-none-eabi/lib/thumb/v7e-m+fp/hard\libc_nano.a(libc_a-memset.o)
 .debug_frame   0x0000000000000214       0x38 C:/ST/STM32CubeIDE_1.13.2/STM32CubeIDE/plugins/com.st.stm32cube.ide.mcu.externaltools.gnu-tools-for-stm32.11.3.rel1.win32_1.1.1.202309131626/tools/bin/../lib/gcc/arm-none-eabi/11.3.1/../../../../arm-none-eabi/lib/thumb/v7e-m+fp/hard\libc_nano.a(libc_a-reent.o)
 .debug_frame   0x000000000000024c       0x2c C:/ST/STM32CubeIDE_1.13.2/STM32CubeIDE/plugins/com.st.stm32cube.ide.mcu.externaltools.gnu-tools-for-stm32.11.3.rel1.win32_1.1.1.202309131626/tools/bin/../lib/gcc/arm-none-eabi/11.3.1/../../../../arm-none-eabi/lib/thumb/v7e-m+fp/hard\libc_nano.a(libc_a-sbrkr.o)
 .debug_frame   0x0000000000000278       0x20 C:/ST/STM32CubeIDE_1.13.2/STM32CubeIDE/plugins/com.st.stm32cube.ide.mcu.externaltools.gnu-tools-for-stm32.11.3.rel1.win32_1.1.1.202309131626/tools/bin/../lib/gcc/arm-none-eabi/11.3.1/../../../../arm-none-eabi/lib/thumb/v7e-m+fp/hard\libc_nano.a(libc_a-errno.o)
 .debug_frame   0x0000000000000298       0x2c C:/ST/STM32CubeIDE_1.13.2/STM32CubeIDE/plugins/com.st.stm32cube.ide.mcu.externaltools.gnu-tools-for-stm32.11.3.rel1.win32_1.1.1.202309131626/tools/bin/../lib/gcc/arm-none-eabi/11.3.1/../../../../arm-none-eabi/lib/thumb/v7e-m+fp/hard\libc_nano.a(libc_a-init.o)
 .debug_frame   0x00000000000002c4       0xb0 C:/ST/STM32CubeIDE_1.13.2/STM32CubeIDE/plugins/com.st.stm32cube.ide.mcu.externaltools.gnu-tools-for-stm32.11.3.rel1.win32_1.1.1.202309131626/tools/bin/../lib/gcc/arm-none-eabi/11.3.1/../../../../arm-none-eabi/lib/thumb/v7e-m+fp/hard\libc_nano.a(libc_a-lock.o)
 .debug_frame   0x0000000000000374       0x28 C:/ST/STM32CubeIDE_1.13.2/STM32CubeIDE/plugins/com.st.stm32cube.ide.mcu.externaltools.gnu-tools-for-stm32.11.3.rel1.win32_1.1.1.202309131626/tools/bin/../lib/gcc/arm-none-eabi/11.3.1/../../../../arm-none-eabi/lib/thumb/v7e-m+fp/hard\libc_nano.a(libc_a-memcpy-stub.o)
 .debug_frame   0x000000000000039c       0x38 C:/ST/STM32CubeIDE_1.13.2/STM32CubeIDE/plugins/com.st.stm32cube.ide.mcu.externaltools.gnu-tools-for-stm32.11.3.rel1.win32_1.1.1.202309131626/tools/bin/../lib/gcc/arm-none-eabi/11.3.1/../../../../arm-none-eabi/lib/thumb/v7e-m+fp/hard\libc_nano.a(libc_a-freer.o)
